  console.log
    MetadataStorage: Adding entity User -> integration_users

      at MetadataStorage.log [as addEntity] (src/core/MetadataStorage.ts:30:17)

FAIL test/integration/UserFlow.test.ts
  ● User Integration Flow › should add, query, update, and remove a user

    TypeError: pg_1.Pool is not a constructor

       7 |
       8 |     constructor(config: PoolConfig) {
    >  9 |         this.pool = new Pool(config);
         |                     ^
      10 |     }
      11 |
      12 |     async connect(): Promise<void> {

      at new DbContext (src/core/DbContext.ts:9:21)
      at Object.<anonymous> (test/integration/UserFlow.test.ts:32:14)


  ● Test suite failed to run

    TypeError: Cannot read properties of undefined (reading 'disconnect')

      45 |
      46 |     afterAll(async () => {
    > 47 |         await db.disconnect();
         |                  ^
      48 |     });
      49 |
      50 |     it('should add, query, update, and remove a user', async () => {

      at Object.<anonymous> (test/integration/UserFlow.test.ts:47:18)

---------------------|---------|----------|---------|---------|-------------------
File                 | % Stmts | % Branch | % Funcs | % Lines | Uncovered Line #s 
---------------------|---------|----------|---------|---------|-------------------
All files            |   21.73 |    22.33 |   23.21 |   24.11 |                   
 core                |   13.25 |    14.28 |      14 |   14.76 |                   
  DbContext.ts       |    7.81 |        0 |    8.33 |    8.77 | 13-120            
  DbSet.ts           |    3.15 |        0 |       0 |     4.1 | 8-118,123-158     
  MetadataStorage.ts |   72.72 |    70.58 |   66.66 |   73.68 | 35,65-71          
 decorators          |   80.76 |    57.89 |     100 |   90.47 |                   
  index.ts           |   80.76 |    57.89 |     100 |   90.47 | 24-25             
---------------------|---------|----------|---------|---------|-------------------
Test Suites: 1 failed, 1 total
Tests:       1 failed, 1 total
Snapshots:   0 total
Time:        0.748 s, estimated 2 s
Ran all test suites matching test/integration/UserFlow.test.ts.
